OLAS verbose log
languages: en es
arches: 4 4
models: models\small-streaming-en models\small-streaming-es

[es] latency=1113 ms  text="con pedazos"
[en] latency=1874 ms  text="My son, I don't ask for your help."
[es] latency=751 ms  text="para salvarme en triunfo."
[en] latency=1393 ms  text="For the only one who is unique."
[es] latency=389 ms  text="en los últimos dos meses bajó o no subió. ¿Sabés a cuánto bajó?"
[es] latency=271 ms  text="a ciento diecisiete puntos"
[en] latency=1817 ms  text="In the last few days, I've been here for a while."
[es] latency=403 ms  text="Miley."
[es] latency=454 ms  text="seiscientos puntos"
[es] latency=475 ms  text="Luli."
[en] latency=619 ms  text="Asiento, you see the boom."
[en] latency=448 ms  text="Melee?"
[es] latency=249 ms  text="era cien puntos"
[en] latency=739 ms  text="Sei siento pundo."
[es] latency=325 ms  text="Uruguay."
[en] latency=865 ms  text="Lulu."
[es] latency=894 ms  text="también es comunista para mi ley."
[en] latency=1030 ms  text="Yeah, see you in Boomdons."
[es] latency=194 ms  text="cincuenta puntos"
[en] latency=227 ms  text="All the way."
[es] latency=692 ms  text="En el año de 194"
[en] latency=1563 ms  text="The community is coming to me."
[en] latency=1177 ms  text="Quen ta punto."
[es] latency=1490 ms  text="es decir la crisis es argentina la crisis eh ya se lo operó de que esta crisis "
[en] latency=1961 ms  text="And in the cricket, my kidfriend, Prené, has to bounce."
[es] latency=277 ms  text="Los extranjeros vino con"
[en] latency=295 ms  text="It's been a com-"
[en] latency=608 ms  text="Brandon."
[en] latency=631 ms  text="30 million dollars of performance"
[es] latency=1031 ms  text="tres mil millones de dólares por mes ahora este año"
[en] latency=743 ms  text="I would have, if the."
[es] latency=583 ms  text="¿Cuánto van a comprar el año que viene?"
[en] latency=2682 ms  text="So what do you want to go put on your go-"
[en] latency=1855 ms  text="But calm down. If I had more energy to buy the gold, I would have bought it. I w"
[es] latency=1051 ms  text="el mercado está no hay duda que alcance segundo la recesión de que cae tres mi"
[en] latency=577 ms  text="We have a market of bets that now many look for a way to get to the top."
[es] latency=190 ms  text="hay un mercado de apuestas que ahora muchos miran"
